array (
  'title' => 'u 粪土',
  'content' => '快乐的',
  'phoneNumber' => '18180924082',
)
